        ../../Saved Games/
        ../../ScStore/
        ../../Searches/
        ../../Videos/
        ../../ntuser.dat.LOG1
        ../../ntuser.dat.LOG2
        ../../ntuser.ini

nothing added to commit but untracked files present (use "git add" to track)

rckstr@rckstr-PC MINGW64 ~/Desktop/Git (master)
$ cd ~/Desktop/Git/

rckstr@rckstr-PC MINGW64 ~/Desktop/Git (master)
$ git init
Initialized empty Git repository in C:/Users/rckstr/Desktop/Git/.git/

rckstr@rckstr-PC MINGW64 ~/Desktop/Git (master)
$ git status
On branch master

Initial commit

Untracked files:
  (use "git add <file>..." to include in what will be committed)

        Demo.txt

nothing added to commit but untracked files present (use "git add" to track)

rckstr@rckstr-PC MINGW64 ~/Desktop/Git (master)
$ git add Demo.txt

rckstr@rckstr-PC MINGW64 ~/Desktop/Git (master)
$ git commit

*** Please tell me who you are.

Run

  git config --global user.email "you@example.com"
  git config --global user.name "Your Name"

to set your account's default identity.
Omit --global to set the identity only in this repository.

fatal: unable to auto-detect email address (got 'rckstr@rckstr-PC.(none)')

rckstr@rckstr-PC MINGW64 ~/Desktop/Git (master)
$ clear

rckstr@rckstr-PC MINGW64 ~/Desktop/Git (master)
$ cd ~/Desktop/Git/

rckstr@rckstr-PC MINGW64 ~/Desktop/Git (master)
$ git init
Reinitialized existing Git repository in C:/Users/rckstr/Desktop/Git/.git/

rckstr@rckstr-PC MINGW64 ~/Desktop/Git (master)
$ git status
On branch master

Initial commit

Changes to be committed:
  (use "git rm --cached <file>..." to unstage)

        new file:   Demo.txt

Untracked files:
  (use "git add <file>..." to include in what will be committed)

        Add.java


rckstr@rckstr-PC MINGW64 ~/Desktop/Git (master)
$ git add Add.java

rckstr@rckstr-PC MINGW64 ~/Desktop/Git (master)
$ dir
Add.java  Demo.txt

rckstr@rckstr-PC MINGW64 ~/Desktop/Git (master)
$ git add Add.java

rckstr@rckstr-PC MINGW64 ~/Desktop/Git (master)
$ git status
On branch master

Initial commit

Changes to be committed:
  (use "git rm --cached <file>..." to unstage)

        new file:   Add.java
        new file:   Demo.txt


rckstr@rckstr-PC MINGW64 ~/Desktop/Git (master)
$ git commit -m "shubham"

*** Please tell me who you are.

Run

  git config --global user.email "you@example.com"
  git config --global user.name "Your Name"

to set your account's default identity.
Omit --global to set the identity only in this repository.

fatal: unable to auto-detect email address (got 'rckstr@rckstr-PC.(none)')

rckstr@rckstr-PC MINGW64 ~/Desktop/Git (master)
$ git commit -m "Initial commit"

*** Please tell me who you are.

Run

  git config --global user.email "you@example.com"
  git config --global user.name "Your Name"

to set your account's default identity.
Omit --global to set the identity only in this repository.

fatal: unable to auto-detect email address (got 'rckstr@rckstr-PC.(none)')

rckstr@rckstr-PC MINGW64 ~/Desktop/Git (master)
$ git status
On branch master

Initial commit

Changes to be committed:
  (use "git rm --cached <file>..." to unstage)

        new file:   Add.java
        new file:   Demo.txt


rckstr@rckstr-PC MINGW64 ~/Desktop/Git (master)
$ git commit -m "hello first commiutr"

*** Please tell me who you are.

Run

  git config --global user.email "you@example.com"
  git config --global user.name "Your Name"

to set your account's default identity.
Omit --global to set the identity only in this repository.

fatal: unable to auto-detect email address (got 'rckstr@rckstr-PC.(none)')

rckstr@rckstr-PC MINGW64 ~/Desktop/Git (master)
$ ^C

rckstr@rckstr-PC MINGW64 ~/Desktop/Git (master)
$ git config --global user.email "kadamshubham66@gmail.com"

rckstr@rckstr-PC MINGW64 ~/Desktop/Git (master)
$ git commit -m "hello first commiutr"

*** Please tell me who you are.

Run

  git config --global user.email "you@example.com"
  git config --global user.name "Your Name"

to set your account's default identity.
Omit --global to set the identity only in this repository.

fatal: empty ident name (for <kadamshubham66@gmail.com>) not allowed

rckstr@rckstr-PC MINGW64 ~/Desktop/Git (master)
$ git config --global user.name "shubham"

rckstr@rckstr-PC MINGW64 ~/Desktop/Git (master)
$ git commit -m "hello first commiutr"
[master (root-commit) 5995b80] hello first commiutr
 2 files changed, 14 insertions(+)
 create mode 100644 Add.java
 create mode 100644 Demo.txt

rckstr@rckstr-PC MINGW64 ~/Desktop/Git (master)
$ git log
commit 5995b80f5707097a42e076bdbe1644b9420aa67d (HEAD -> master)
Author: shubham <kadamshubham66@gmail.com>
Date:   Tue Jul 11 20:29:24 2017 +0530

    hello first commiutr

rckstr@rckstr-PC MINGW64 ~/Desktop/Git (master)
$ git push -o origin master
fatal: The current branch master has no upstream branch.
To push the current branch and set the remote as upstream, use

    git push --set-upstream master master


rckstr@rckstr-PC MINGW64 ~/Desktop/Git (master)
$ git push -u origin master
fatal: 'origin' does not appear to be a git repository
fatal: Could not read from remote repository.

Please make sure you have the correct access rights
and the repository exists.

rckstr@rckstr-PC MINGW64 ~/Desktop/Git (master)
$ git remote add origin https://github.com/kadamshubham1996/git.git

rckstr@rckstr-PC MINGW64 ~/Desktop/Git (master)
$ git push -u origin master
Counting objects: 4, done.
Delta compression using up to 4 threads.
Compressing objects: 100% (3/3), done.
Writing objects: 100% (4/4), 415 bytes | 0 bytes/s, done.
Total 4 (delta 0), reused 0 (delta 0)
To https://github.com/kadamshubham1996/git.git
 * [new branch]      master -> master
Branch master set up to track remote branch master from origin.

rckstr@rckstr-PC MINGW64 ~/Desktop/Git (master)
